// Jest Snapshot v1, https://goo.gl/fbAQLP

exports[`SearchResult it renders correctly 1`] = `
<DocumentFragment>
  <div
    class="imageContainer"
  >
    <img
      alt="imageOfResult"
      class="imageOnScreen"
      src="firstpic"
    />
    <img
      alt="imageOfResult"
      class="imageOnScreen"
      src="secondpic"
    />
    <img
      alt="imageOfResult"
      class="imageOnScreen"
      src="thirdpic"
    />
  </div>
</DocumentFragment>
`;
