// Jest Snapshot v1, https://goo.gl/fbAQLP

exports[`Search it renders correctly 1`] = `
<DocumentFragment>
  <input
    class="searchInput"
    type="text"
  />
</DocumentFragment>
`;
